host_comm_rx_fsm.c:53:6:host_comm_rx_fsm_enter	16	static
host_comm_rx_fsm.c:59:13:host_comm_rx_fsm_set_next_state	16	static
host_comm_rx_fsm.c:69:13:enter_seq_preamble_proc	16	static
host_comm_rx_fsm.c:75:13:during_action_preamble_proc	16	static
host_comm_rx_fsm.c:88:13:preamble_proc_on_react	24	static
host_comm_rx_fsm.c:115:13:enter_seq_header_proc	16	static
host_comm_rx_fsm.c:122:13:entry_action_header_proc	16	static
host_comm_rx_fsm.c:127:13:exit_action_header_proc	16	static
host_comm_rx_fsm.c:133:16:server_packet_check_valid_header	4	static
host_comm_rx_fsm.c:139:13:during_action_header_proc	16	static
host_comm_rx_fsm.c:159:13:header_proc_on_react	24	static
host_comm_rx_fsm.c:220:13:enter_seq_payload_proc	16	static
host_comm_rx_fsm.c:228:13:entry_action_payload_proc	24	static
host_comm_rx_fsm.c:234:13:exit_action_payload_proc	16	static
host_comm_rx_fsm.c:239:13:during_action_payload_proc	24	static
host_comm_rx_fsm.c:252:13:payload_proc_on_react	24	static
host_comm_rx_fsm.c:295:13:enter_seq_crc_and_postamble_proc	16	static
host_comm_rx_fsm.c:303:13:entry_action_crc_and_postamble_proc	16	static
host_comm_rx_fsm.c:308:13:exit_action_crc_and_postamble_proc	16	static
host_comm_rx_fsm.c:313:13:during_action_crc_and_postamble_proc	32	static
host_comm_rx_fsm.c:347:13:crc_and_postamble_proc_on_react	24	static
host_comm_rx_fsm.c:399:13:enter_seq_packet_ready	16	static
host_comm_rx_fsm.c:407:13:entry_action_packet_ready	16	static
host_comm_rx_fsm.c:413:13:packet_ready_on_react	24	static
host_comm_rx_fsm.c:431:13:clear_time_events	16	static
host_comm_rx_fsm.c:439:6:host_comm_rx_fsm_init	16	static
host_comm_rx_fsm.c:452:6:host_comm_rx_fsm_is_active	24	static
host_comm_rx_fsm.c:458:6:host_comm_rx_fsm_time_event_update	24	static
host_comm_rx_fsm.c:468:6:host_comm_rx_fsm_run	16	static
host_comm_rx_fsm.c:483:6:host_comm_rx_fsm_is_state_active	24	static
host_comm_rx_fsm.c:489:9:host_comm_rx_fsm_set_ext_event	16	static
