host_comm_tx_fsm.c:49:13:clear_events	16	static
host_comm_tx_fsm.c:57:13:host_tx_comm_fsm_set_next_state	16	static
host_comm_tx_fsm.c:63:6:host_tx_comm_fsm_init	16	static
host_comm_tx_fsm.c:78:13:enter_seq_poll_pending_transfers	16	static
host_comm_tx_fsm.c:86:13:during_action_poll_pending_transfers	16	static
host_comm_tx_fsm.c:95:13:exit_action_poll_pending_transfers	16	static
host_comm_tx_fsm.c:102:13:poll_pending_transfers_on_react	24	static
host_comm_tx_fsm.c:128:13:enter_seq_transmit_packet	16	static
host_comm_tx_fsm.c:135:13:entry_action_transmit_packet	16	static
host_comm_tx_fsm.c:148:13:exit_action_transmit_packet	16	static
host_comm_tx_fsm.c:154:13:transmit_packet_on_react	24	static
host_comm_tx_fsm.c:203:17:frame_get_crc	16	static
host_comm_tx_fsm.c:217:16:frame_check_crc	32	static
host_comm_tx_fsm.c:239:13:tx_send_packet	32	static
host_comm_tx_fsm.c:283:9:host_tx_comm_fsm_write_dbg_msg	280	static
host_comm_tx_fsm.c:310:6:host_tx_comm_fsm_time_event_update	24	static
host_comm_tx_fsm.c:320:6:host_tx_comm_fsm_run	16	static
host_comm_tx_fsm.c:335:6:host_tx_comm_fsm_set_ext_event	16	static
